// Jest Snapshot v1, https://goo.gl/fbAQLP

exports[`ToggleComponent.vue should match snapshot 1`] = `
<div
  class="toggle"
>
  <button>
    ℃
  </button>
  <span>
    |
  </span>
  <button>
    ℉
  </button>
</div>
`;
