// Jest Snapshot v1, https://goo.gl/fbAQLP

exports[`CardComponent.vue should match snapshot 1`] = `
<div
  class="card"
>
  <span
    class="title"
  />
  
  Main content
  
</div>
`;
