// Jest Snapshot v1, https://goo.gl/fbAQLP

exports[`LoadingSpinner.vue should match snapshot 1`] = `
<div
  class="wrapper"
>
  <div
    class="spinner"
  />
</div>
`;
